// Jest Snapshot v1, https://goo.gl/fbAQLP

exports[`Security Generator should add CORS and helmet to main.ts 1`] = `
"/**
 * This is not a production server yet!
 * This is only a minimal backend to get started.
 */

import { Logger, ValidationPipe, VersioningType } from '@nestjs/common';
import { NestFactory } from '@nestjs/core';

import { AppModule } from './app/app.module';
import { WinstonLogger } from '@proj/shared/logger';
import helmet from 'helmet';

async function bootstrap(): Promise<void> {
  const app = await NestFactory.create(AppModule, { bufferLogs: true });

  const logger = await app.resolve(WinstonLogger);
  app.useLogger(logger);

  const globalPrefix = 'api';
  app.setGlobalPrefix(globalPrefix);
  const port = process.env.PORT ?? 3000;
  app.enableCors({
    origin: '*',
    credentials: true,
    exposedHeaders: 'Authorization',
    allowedHeaders: 'authorization, content-type',
  });
  app.use(helmet());
  app.useGlobalPipes(
    new ValidationPipe({
      transform: true,
      transformOptions: {
        excludeExtraneousValues: true,
      },
    }),
  );
  app.enableVersioning({
    type: VersioningType.URI,
    defaultVersion: '1',
  });
  await app.listen(port);
  Logger.log(\`ðŸš€ Application is running on: http://localhost:\${port}/\${globalPrefix}\`);
}

bootstrap();
"
`;
